test1
    1
    2
    3
    4
    5

❯ test2

  test3
    one
    two
    three
    four
    five