test1
    1
    2
    3
    4
    5

❯ test2
  └▸one
    two
    three
    four
    five