? Filter:         ●
❯ item 1234
  item 2345
  item 3456
  item 4567
  item 5678
  item 6789
  item 7890
  item 8901
  item 9012