? Filter:         ●
❯ item 1234       ○
  item 2345       ○