? Filter:         ○
❯ item 9012       ○
                  ●

