? Filter:         ○
❯ item 5678       ●
  item 6789       ○
  item 7890
  item 8901