? Filter:         ●
  item 1234       ○
❯ item 2345       ○
  item 3456
  item 4567